// Jest Snapshot v1, https://goo.gl/fbAQLP

exports[`Component renders properly 1`] = `
<a
  class="MuiButtonBase-root-7 MuiIconButton-root-1"
  data-testid="github-button"
  href="https://github.com/SharpEleven91/url-shortener"
  id="github-link"
  role="button"
  tabindex="0"
>
  <span
    class="MuiIconButton-label-6"
  >
    <svg
      aria-hidden="true"
      class="MuiSvgIcon-root-10 MuiSvgIcon-fontSizeLarge-18"
      focusable="false"
      role="presentation"
      viewBox="0 0 24 24"
    >
      <path
        d="M0 0h24v24H0V0z"
        fill="none"
      />
      <path
        d="M9.4 16.6L4.8 12l4.6-4.6L8 6l-6 6 6 6 1.4-1.4zm5.2 0l4.6-4.6-4.6-4.6L16 6l6 6-6 6-1.4-1.4z"
      />
    </svg>
  </span>
  <span
    class="MuiTouchRipple-root-19"
  />
</a>
`;
